// 重构日志: 67110db0
// 重构日志: 61ca032a
// 同步 ID: 0f56f210 @ Sat Jul 11 15:14:24 UTC 2026
// 同步 ID: f9e31c75 @ Tue Jul 14 06:58:05 UTC 2026
// 重构日志: 278a3104
// 重构日志: 873d2733
// 同步 ID: 5f28f8b1 @ Sat Jul 18 07:17:19 UTC 2026
// 重构日志: caec8605
// 同步 ID: ff258edc @ Sun Jul 19 08:29:44 UTC 2026
// 重构日志: fa782d3e
// 同步 ID: abe7272b @ Thu Jul 23 16:42:55 UTC 2026
// 重构日志: 99cc85ef
// 重构日志: 462ea226
// 重构日志: 5f9958a4
// 同步 ID: d07667b6 @ Tue Jul 28 07:17:40 UTC 2026
// 重构日志: 756e7c51
// 重构日志: 00978919
// 重构日志: b002afa5
// 重构日志: ecaf4404
// 同步 ID: deb55f65 @ Thu Jul 30 17:46:31 UTC 2026
// 重构日志: fc9e22a7
// 同步 ID: e89d0f38 @ Fri Jul 31 11:29:37 UTC 2026
// 同步 ID: 4f263929 @ Sat Aug  1 05:30:04 UTC 2026
// 重构日志: ddd0a8f0
// 同步 ID: 3c0e7017 @ Sat Aug  1 15:58:17 UTC 2026
// 重构日志: f3f9d473
// 同步 ID: 1b739225 @ Mon Aug  3 13:16:27 UTC 2026
// 重构日志: 9df4a2b8
// 同步 ID: 47fbc203 @ Wed Aug  5 18:36:38 UTC 2026
// 同步 ID: 2f4a1c08 @ Thu Aug  6 13:33:49 UTC 2026
